#-----------------------------------------------------------
# Vivado v2025.1 (64-bit)
# SW Build 6140274 on Thu May 22 00:12:29 MDT 2025
# IP Build 6138677 on Thu May 22 03:10:11 MDT 2025
# SharedData Build 6139179 on Tue May 20 17:58:58 MDT 2025
# Start of session at: Sun Nov  9 04:32:39 2025
# Process ID         : 21492
# Current directory  : C:/Pandora/DSD/vga_640x480
# Command line       : vivado.exe -gui_launcher_event rodinguilauncherevent7260 C:\Pandora\DSD\vga_640x480\vga_640x480.xpr
# Log file           : C:/Pandora/DSD/vga_640x480/vivado.log
# Journal file       : C:/Pandora/DSD/vga_640x480\vivado.jou
# Running On         : rose
# Platform           : Windows Server 2016 or Windows 10
# Operating System   : 26200
# Processor Detail   : AMD Ryzen 7 5800U with Radeon Graphics         
# CPU Frequency      : 1896 MHz
# CPU Physical cores : 8
# CPU Logical cores  : 16
# Host memory        : 14877 MB
# Swap memory        : 10200 MB
# Total Virtual      : 25077 MB
# Available Virtual  : 4962 MB
#-----------------------------------------------------------
start_gui
open_project C:/Pandora/DSD/vga_640x480/vga_640x480.xpr
update_compile_order -fileset sources_1
open_hw_manager
connect_hw_server -allow_non_jtag
open_hw_target
current_hw_device [get_hw_devices xc7a35t_0]
refresh_hw_device -update_hw_probes false [lindex [get_hw_devices xc7a35t_0] 0]
launch_runs impl_1 -to_step write_bitstream -jobs 8
wait_on_run impl_1
