#-----------------------------------------------------------
# Vivado v2025.1 (64-bit)
# SW Build 6140274 on Thu May 22 00:12:29 MDT 2025
# IP Build 6138677 on Thu May 22 03:10:11 MDT 2025
# SharedData Build 6139179 on Tue May 20 17:58:58 MDT 2025
# Start of session at: Wed Nov 19 16:54:31 2025
# Process ID         : 20032
# Current directory  : C:/Pandora/Digital-Systems-Advanced/fpga/projects/lab4/uart_tx
# Command line       : vivado.exe -gui_launcher_event rodinguilauncherevent20708 C:\Pandora\Digital-Systems-Advanced\fpga\projects\lab4\uart_tx\uart_tx.xpr
# Log file           : C:/Pandora/Digital-Systems-Advanced/fpga/projects/lab4/uart_tx/vivado.log
# Journal file       : C:/Pandora/Digital-Systems-Advanced/fpga/projects/lab4/uart_tx\vivado.jou
# Running On         : rose
# Platform           : Windows Server 2016 or Windows 10
# Operating System   : 26200
# Processor Detail   : AMD Ryzen 7 5800U with Radeon Graphics         
# CPU Frequency      : 1896 MHz
# CPU Physical cores : 8
# CPU Logical cores  : 16
# Host memory        : 14877 MB
# Swap memory        : 17179 MB
# Total Virtual      : 32057 MB
# Available Virtual  : 6666 MB
#-----------------------------------------------------------
start_gui
open_project C:/Pandora/Digital-Systems-Advanced/fpga/projects/lab4/uart_tx/uart_tx.xpr
update_compile_order -fileset sources_1
update_compile_order -fileset sources_1
update_compile_order -fileset sources_1
update_compile_order -fileset sources_1
update_compile_order -fileset sources_1
